// Jest Snapshot v1, https://goo.gl/fbAQLP

exports[`Se levar√°n a cabo lass ruebass del AppRouter Debe de mostrar el login si no se encuentra autenticado 1`] = `
<div>
  <div
    className="container mt-5"
  >
    <h1>
      Login
    </h1>
    <hr />
    <button
      className="btn btn-success"
      onClick={[Function]}
    >
      Login
    </button>
  </div>
</div>
`;
