// Jest Snapshot v1, https://goo.gl/fbAQLP

exports[`Se llevar√°n a cabo las pruebas de <LoginPage/> Debe de mostrarse correctamente 1`] = `
<div
  className="container mt-5"
>
  <h1>
    Login
  </h1>
  <hr />
  <button
    className="btn btn-success"
    onClick={[Function]}
  >
    Login
  </button>
</div>
`;
